(42 0x1.91eb851eb851fp+1 "foo" 0 () (1 2 3) 0 () T)
