(null ((null null) (null null) null (null F) ((-1 -2 null) null)))
